// Jest Snapshot v1, https://goo.gl/fbAQLP

exports[`test Player component handles default 1`] = `
<div
  id="youTubePlayer"
/>
`;
